// Jest Snapshot v1, https://goo.gl/fbAQLP

exports[`createBuilder should create a basic document 1`] = `
Object {
  "content": Array [
    Object {
      "attrs": Object {
        "level": "1",
      },
      "content": Array [
        Object {
          "text": "Hello world",
          "type": "text",
        },
      ],
      "type": "heading",
    },
    Object {
      "attrs": Object {
        "level": "2",
      },
      "content": Array [
        Object {
          "text": "And now for something completely different",
          "type": "text",
        },
      ],
      "type": "heading",
    },
    Object {
      "content": Array [
        Object {
          "text": "Here's to the crazy ones. The misfits. The rebels...",
          "type": "text",
        },
      ],
      "type": "paragraph",
    },
  ],
  "type": "doc",
}
`;
